
==================================================
CWD: F:\Project work\Cafe Restaurant Analysis\Agents
CPY_DIR: F:\Project work\Cafe Restaurant Analysis\Agents\coding
../data/ exists: True
Code received (first 200 chars): import pandas as pd
import matplotlib.pyplot as plt
import seaborn as sns
import time

# Load the dataset
filename = 'student_scores Dataset'
df = pd.read_csv('./data/Raw_data/student_scores Dataset.c

==================================================
CWD: F:\Project work\Cafe Restaurant Analysis\Agents
CPY_DIR: F:\Project work\Cafe Restaurant Analysis\Agents\coding
../data/ exists: True
Code received (first 200 chars): import pandas as pd
import statsmodels.api as sm

# Load the data
file_path = './data/Processed_data/student_scores Dataset_processed.csv'
df = pd.read_csv(file_path)

# Define the independent variabl

==================================================
CWD: F:\Project work\Cafe Restaurant Analysis\Agents
CPY_DIR: F:\Project work\Cafe Restaurant Analysis\Agents\coding
../data/ exists: True
Code received (first 200 chars): import os

# List files in the processed data directory
processed_data_directory = './data/Processed_data/'
files = os.listdir(processed_data_directory)
files

==================================================
CWD: F:\Project work\Cafe Restaurant Analysis\Agents
CPY_DIR: F:\Project work\Cafe Restaurant Analysis\Agents\coding
../data/ exists: True
Code received (first 200 chars): import pandas as pd
import statsmodels.api as sm

# Load the raw data
file_path = './data/Raw_data/student_scores Dataset.csv'
df = pd.read_csv(file_path)

# Define the independent variable (Hours) an

==================================================
CWD: F:\Project work\Cafe Restaurant Analysis\Agents
CPY_DIR: F:\Project work\Cafe Restaurant Analysis\Agents\coding
../data/ exists: True
Code received (first 200 chars): import pandas as pd
import matplotlib.pyplot as plt
import seaborn as sns

# Load the dataset
file_path = './data/Raw_data/Credit Card Dataset.csv'
df = pd.read_csv(file_path)

# 1. Visualize transact

==================================================
CWD: F:\Project work\Cafe Restaurant Analysis\Agents
CPY_DIR: F:\Project work\Cafe Restaurant Analysis\Agents\coding
../data/ exists: True
Code received (first 200 chars): # Heatmap for correlation analysis
plt.figure(figsize=(10, 8))
corr_matrix = df.corr()
sns.heatmap(corr_matrix, annot=True, fmt='.2f', cmap='coolwarm', center=0, square=True)
plt.title('Correlation He

==================================================
CWD: F:\Project work\Cafe Restaurant Analysis\Agents
CPY_DIR: F:\Project work\Cafe Restaurant Analysis\Agents\coding
../data/ exists: True
Code received (first 200 chars): # 3. Transaction amount over hours
plt.figure(figsize=(14, 7))
average_transaction = df.groupby('transaction_hour')['amount'].mean()
average_transaction.plot(kind='line', color='steelblue', marker='o'

==================================================
CWD: F:\Project work\Cafe Restaurant Analysis\Agents
CPY_DIR: F:\Project work\Cafe Restaurant Analysis\Agents\coding
../data/ exists: True
Code received (first 200 chars): # 4. Distribution of Fraud Cases by Merchant Category
plt.figure(figsize=(12, 6))
df['merchant_category'].value_counts().plot(kind='bar', color='orange')
plt.title('Distribution of Fraud Cases by Merc

==================================================
CWD: F:\Project work\Cafe Restaurant Analysis\Agents
CPY_DIR: F:\Project work\Cafe Restaurant Analysis\Agents\coding
../data/ exists: True
Code received (first 200 chars): import pandas as pd
import matplotlib.pyplot as plt
import seaborn as sns

# Load the dataset
file_path = './data/Raw_data/Credit Card Dataset.csv'
df = pd.read_csv(file_path)

# 1. Visualize transact

==================================================
CWD: F:\Project work\Cafe Restaurant Analysis\Agents
CPY_DIR: F:\Project work\Cafe Restaurant Analysis\Agents\coding
../data/ exists: True
Code received (first 200 chars): # Heatmap for correlation analysis
import pandas as pd
import matplotlib.pyplot as plt
import seaborn as sns

# Load the dataset
file_path = './data/Raw_data/Credit Card Dataset.csv'
df = pd.read_csv(

==================================================
CWD: F:\Project work\Cafe Restaurant Analysis\Agents
CPY_DIR: F:\Project work\Cafe Restaurant Analysis\Agents\coding
../data/ exists: True
Code received (first 200 chars): # 3. Average transaction amount over hours
import pandas as pd
import matplotlib.pyplot as plt
import seaborn as sns

# Load the dataset
file_path = './data/Raw_data/Credit Card Dataset.csv'
df = pd.r

==================================================
CWD: F:\Project work\Cafe Restaurant Analysis\Agents
CPY_DIR: F:\Project work\Cafe Restaurant Analysis\Agents\coding
../data/ exists: True
Code received (first 200 chars): # 4. Distribution of Fraud Cases by Merchant Category
import pandas as pd
import matplotlib.pyplot as plt
import seaborn as sns

# Load the dataset
file_path = './data/Raw_data/Credit Card Dataset.csv

==================================================
CWD: F:\Project work\Cafe Restaurant Analysis\Agents
CPY_DIR: F:\Project work\Cafe Restaurant Analysis\Agents\coding
../data/ exists: True
Code received (first 200 chars): # Create a heatmap of the correlation matrix after encoding categorical values
import pandas as pd
import matplotlib.pyplot as plt
import seaborn as sns

# Load the dataset
file_path = './data/Raw_dat

==================================================
CWD: F:\Project work\Cafe Restaurant Analysis\Agents
CPY_DIR: F:\Project work\Cafe Restaurant Analysis\Agents\coding
../data/ exists: True
Code received (first 200 chars): import pandas as pd
import numpy as np
import matplotlib.pyplot as plt
import os

# Load the dataset
file_path = './data/Raw_data/Credit Card Dataset.csv'
df = pd.read_csv(file_path)

# Show the basic

==================================================
CWD: F:\Project work\Cafe Restaurant Analysis\Agents
CPY_DIR: F:\Project work\Cafe Restaurant Analysis\Agents\coding
../data/ exists: True
Code received (first 200 chars): # Calculate average transaction amount and transaction count by hour
average_amount_by_hour = df.groupby('transaction_hour')['amount'].mean()  # Average transaction amount
transaction_count_by_hour = 

==================================================
CWD: F:\Project work\Cafe Restaurant Analysis\Agents
CPY_DIR: F:\Project work\Cafe Restaurant Analysis\Agents\coding
../data/ exists: True
Code received (first 200 chars): import pandas as pd
import matplotlib.pyplot as plt

# Load the dataset again
file_path = './data/Raw_data/Credit Card Dataset.csv'
df = pd.read_csv(file_path)

# Calculate average transaction amount 
